../Core/Src/main.c:278:6:set_display_configuration	8	static
../Core/Src/main.c:287:6:set_display_state	8	static
../Core/Src/main.c:341:6:read_keypad	8	static
../Core/Src/main.c:364:6:keypad_alarm	24	static
../Core/Src/main.c:399:6:keypad_configuration	16	static
../Core/Src/main.c:434:6:keypad_sliding_gate	16	static
../Core/Src/main.c:453:6:keypad_internal_light	16	static
../Core/Src/main.c:505:6:keypad_door	16	static
../Core/Src/main.c:523:6:switch_to_inattivo	8	static
../Core/Src/main.c:530:6:open_door	8	static
../Core/Src/main.c:540:6:process_door	8	static
../Core/Src/main.c:569:6:stepper_half_drive	16	static
../Core/Src/main.c:649:6:HCSR04_Read	16	static
../Core/Src/main.c:664:6:open_sliding_gate	8	static
../Core/Src/main.c:679:6:close_sliding_gate	8	static
../Core/Src/main.c:688:6:stop_sliding_gate	8	static
../Core/Src/main.c:697:6:start_closing_sliding_gate	8	static
../Core/Src/main.c:709:6:change_direction_sliding_gate	8	static
../Core/Src/main.c:721:6:start_sampling_hcsr04	16	static
../Core/Src/main.c:741:6:led_on	8	static
../Core/Src/main.c:750:6:led_off	8	static
../Core/Src/main.c:757:6:alarm_on	8	static
../Core/Src/main.c:763:6:alarm_off	8	static
../Core/Src/main.c:770:6:start_timer	16	static
../Core/Src/main.c:787:6:stop_timer	16	static
../Core/Src/main.c:806:6:set_autoreload	16	static
../Core/Src/main.c:810:6:change_autoreload_timer_start	16	static
../Core/Src/main.c:815:6:set_pwm	24	static
../Core/Src/main.c:827:6:prepare_data_sliding_gate	16	static
../Core/Src/main.c:853:6:prepare_data_internal_light	16	static
../Core/Src/main.c:871:6:prepare_data_door	16	static
../Core/Src/main.c:889:6:prepare_data_alarm	16	static
../Core/Src/main.c:911:6:prepare_data_configuration_sliding_gate	16	static
../Core/Src/main.c:923:6:prepare_data_configuration_internal_light	16	static
../Core/Src/main.c:935:6:prepare_data_configuration_door	16	static
../Core/Src/main.c:947:6:send_data	8	static
../Core/Src/main.c:951:5:process_data	24	static
../Core/Src/main.c:1005:5:main	16	static
../Core/Src/main.c:1091:6:SystemClock_Config	88	static
../Core/Src/main.c:1139:13:MX_I2C1_Init	8	static
../Core/Src/main.c:1173:13:MX_TIM1_Init	48	static
../Core/Src/main.c:1232:13:MX_TIM3_Init	48	static
../Core/Src/main.c:1281:13:MX_TIM4_Init	32	static
../Core/Src/main.c:1326:13:MX_TIM5_Init	32	static
../Core/Src/main.c:1371:13:MX_TIM9_Init	24	static
../Core/Src/main.c:1409:13:MX_TIM10_Init	8	static
../Core/Src/main.c:1440:13:MX_TIM11_Init	24	static
../Core/Src/main.c:1485:13:MX_USART2_UART_Init	8	static
../Core/Src/main.c:1518:13:MX_GPIO_Init	48	static
../Core/Src/main.c:1639:6:init_peripherals	8	static
../Core/Src/main.c:1645:6:init_lcd	8	static
../Core/Src/main.c:1651:6:init_keypad	8	static
../Core/Src/main.c:1655:6:init_step_motor	4	static
../Core/Src/main.c:1665:6:HAL_GPIO_EXTI_Callback	16	static
../Core/Src/main.c:1693:6:HAL_TIM_PeriodElapsedCallback	16	static
../Core/Src/main.c:1759:6:HAL_TIM_IC_CaptureCallback	32	static
../Core/Src/main.c:1829:6:HAL_UART_RxCpltCallback	16	static
../Core/Src/main.c:1857:6:Error_Handler	4	static,ignoring_inline_asm
